// Jest Snapshot v1, https://goo.gl/fbAQLP

exports[`matches snapshot 1`] = `
<button
  className="square undefined"
  data-testid="sq1"
/>
`;

exports[`matches square snapshot 1`] = `
<button
  className="square undefined"
  data-testid="sq1"
/>
`;
